// Vitest Snapshot v1, https://vitest.dev/guide/snapshot.html

exports[`itemgen determinism > seeded output is unchanged apart from archetype 1`] = `
[
  {
    "description": "A mycelium weapon.",
    "id": "gen_weapon_9ce301",
    "name": "Mycelium Mace",
    "rarity": "common",
    "skullRating": 2,
    "slot": "weapon",
    "stats": {
      "damage": 9,
    },
  },
  {
    "description": "A mycelium weapon.",
    "id": "gen_weapon_b8829e",
    "name": "Encrusted Mycelium Mace",
    "rarity": "rare",
    "skullRating": 2,
    "slot": "weapon",
    "stats": {
      "damage": 9,
    },
  },
  {
    "description": "Cryptcrawl — a mycelium staff.",
    "id": "gen_weapon_feacb6",
    "name": "Cryptcrawl",
    "rarity": "legendary",
    "skullRating": 2,
    "slot": "weapon",
    "stats": {
      "damage": 9,
    },
  },
  {
    "description": "A superior bone weapon.",
    "id": "gen_weapon_775b05",
    "name": "Superior Bone Staff",
    "rarity": "common",
    "skullRating": 2,
    "slot": "weapon",
    "stats": {
      "damage": 10,
    },
  },
  {
    "description": "A superior bone weapon.",
    "id": "gen_weapon_3d6bbc",
    "name": "Rotting Bone Staff",
    "rarity": "rare",
    "skullRating": 2,
    "slot": "weapon",
    "stats": {
      "damage": 10,
    },
  },
  {
    "description": "Deepmaw — a superior bone cleaver.",
    "id": "gen_weapon_bad59e",
    "name": "Deepmaw",
    "rarity": "legendary",
    "skullRating": 2,
    "slot": "weapon",
    "stats": {
      "damage": 10,
    },
  },
  {
    "description": "A fine mycelium weapon.",
    "id": "gen_weapon_45f244",
    "name": "Fine Mycelium Cleaver",
    "rarity": "common",
    "skullRating": 2,
    "slot": "weapon",
    "stats": {
      "damage": 7,
    },
  },
  {
    "description": "A fine mycelium weapon.",
    "id": "gen_weapon_9fef43",
    "name": "Gnarled Mycelium Cleaver",
    "rarity": "rare",
    "skullRating": 2,
    "slot": "weapon",
    "stats": {
      "damage": 7,
    },
  },
  {
    "description": "Rotstalk — a fine mycelium spear.",
    "id": "gen_weapon_78e9c4",
    "name": "Rotstalk",
    "rarity": "legendary",
    "skullRating": 2,
    "slot": "weapon",
    "stats": {
      "damage": 7,
    },
  },
  {
    "description": "A bone weapon.",
    "id": "gen_weapon_02e7e3",
    "name": "Bone Spear",
    "rarity": "common",
    "skullRating": 2,
    "slot": "weapon",
    "stats": {
      "damage": 7,
    },
  },
  {
    "description": "A bone weapon.",
    "id": "gen_weapon_1afde2",
    "name": "Gleaming Bone Spear",
    "rarity": "rare",
    "skullRating": 2,
    "slot": "weapon",
    "stats": {
      "damage": 7,
    },
  },
  {
    "description": "Sporefang — a bone staff.",
    "id": "gen_weapon_abc2d2",
    "name": "Sporefang",
    "rarity": "legendary",
    "skullRating": 2,
    "slot": "weapon",
    "stats": {
      "damage": 7,
    },
  },
  {
    "description": "A superior bone weapon.",
    "id": "gen_weapon_296abd",
    "name": "Superior Bone Dagger",
    "rarity": "common",
    "skullRating": 2,
    "slot": "weapon",
    "stats": {
      "damage": 10,
    },
  },
  {
    "description": "A superior bone weapon.",
    "id": "gen_weapon_cd817b",
    "name": "Whispering Bone Dagger",
    "rarity": "rare",
    "skullRating": 2,
    "slot": "weapon",
    "stats": {
      "damage": 10,
    },
  },
  {
    "description": "Bonerend — a superior bone staff.",
    "id": "gen_weapon_20a341",
    "name": "Bonerend",
    "rarity": "legendary",
    "skullRating": 2,
    "slot": "weapon",
    "stats": {
      "damage": 10,
    },
  },
  {
    "description": "A crystal offhand.",
    "id": "gen_offhand_9ce301",
    "name": "Crystal Shield",
    "rarity": "common",
    "skullRating": 2,
    "slot": "offhand",
    "stats": {
      "defense": 5,
    },
  },
  {
    "description": "A crystal offhand.",
    "id": "gen_offhand_b8829e",
    "name": "Encrusted Crystal Shield",
    "rarity": "rare",
    "skullRating": 2,
    "slot": "offhand",
    "stats": {
      "defense": 5,
    },
  },
  {
    "description": "Cryptcrawl — a crystal orb.",
    "id": "gen_offhand_feacb6",
    "name": "Cryptcrawl",
    "rarity": "legendary",
    "skullRating": 2,
    "slot": "offhand",
    "stats": {
      "defense": 5,
    },
  },
  {
    "description": "A superior bone offhand.",
    "id": "gen_offhand_775b05",
    "name": "Superior Bone Orb",
    "rarity": "common",
    "skullRating": 2,
    "slot": "offhand",
    "stats": {
      "defense": 4,
    },
  },
  {
    "description": "A superior bone offhand.",
    "id": "gen_offhand_3d6bbc",
    "name": "Rotting Bone Orb",
    "rarity": "rare",
    "skullRating": 2,
    "slot": "offhand",
    "stats": {
      "defense": 4,
    },
  },
  {
    "description": "Deepmaw — a superior bone lantern.",
    "id": "gen_offhand_bad59e",
    "name": "Deepmaw",
    "rarity": "legendary",
    "skullRating": 2,
    "slot": "offhand",
    "stats": {
      "defense": 4,
    },
  },
  {
    "description": "A fine crystal offhand.",
    "id": "gen_offhand_45f244",
    "name": "Fine Crystal Lantern",
    "rarity": "common",
    "skullRating": 2,
    "slot": "offhand",
    "stats": {
      "defense": 4,
    },
  },
  {
    "description": "A fine crystal offhand.",
    "id": "gen_offhand_9fef43",
    "name": "Gnarled Crystal Lantern",
    "rarity": "rare",
    "skullRating": 2,
    "slot": "offhand",
    "stats": {
      "defense": 4,
    },
  },
  {
    "description": "Rotstalk — a fine crystal ward.",
    "id": "gen_offhand_78e9c4",
    "name": "Rotstalk",
    "rarity": "legendary",
    "skullRating": 2,
    "slot": "offhand",
    "stats": {
      "defense": 4,
    },
  },
  {
    "description": "A chitin offhand.",
    "id": "gen_offhand_02e7e3",
    "name": "Chitin Tome",
    "rarity": "common",
    "skullRating": 2,
    "slot": "offhand",
    "stats": {
      "defense": 4,
    },
  },
  {
    "description": "A chitin offhand.",
    "id": "gen_offhand_1afde2",
    "name": "Gleaming Chitin Tome",
    "rarity": "rare",
    "skullRating": 2,
    "slot": "offhand",
    "stats": {
      "defense": 4,
    },
  },
  {
    "description": "Sporefang — a chitin orb.",
    "id": "gen_offhand_abc2d2",
    "name": "Sporefang",
    "rarity": "legendary",
    "skullRating": 2,
    "slot": "offhand",
    "stats": {
      "defense": 4,
    },
  },
  {
    "description": "A superior chitin offhand.",
    "id": "gen_offhand_296abd",
    "name": "Superior Chitin Buckler",
    "rarity": "common",
    "skullRating": 2,
    "slot": "offhand",
    "stats": {
      "defense": 5,
    },
  },
  {
    "description": "A superior chitin offhand.",
    "id": "gen_offhand_cd817b",
    "name": "Whispering Chitin Buckler",
    "rarity": "rare",
    "skullRating": 2,
    "slot": "offhand",
    "stats": {
      "defense": 5,
    },
  },
  {
    "description": "Bonerend — a superior chitin orb.",
    "id": "gen_offhand_20a341",
    "name": "Bonerend",
    "rarity": "legendary",
    "skullRating": 2,
    "slot": "offhand",
    "stats": {
      "defense": 5,
    },
  },
  {
    "description": "A mycelium armor.",
    "id": "gen_armor_9ce301",
    "name": "Mycelium Vest",
    "rarity": "common",
    "skullRating": 2,
    "slot": "armor",
    "stats": {
      "defense": 5,
    },
  },
  {
    "description": "A mycelium armor.",
    "id": "gen_armor_b8829e",
    "name": "Encrusted Mycelium Vest",
    "rarity": "rare",
    "skullRating": 2,
    "slot": "armor",
    "stats": {
      "defense": 5,
    },
  },
  {
    "description": "Cryptcrawl — a mycelium plate.",
    "id": "gen_armor_feacb6",
    "name": "Cryptcrawl",
    "rarity": "legendary",
    "skullRating": 2,
    "slot": "armor",
    "stats": {
      "defense": 5,
    },
  },
  {
    "description": "A superior chitin armor.",
    "id": "gen_armor_775b05",
    "name": "Superior Chitin Plate",
    "rarity": "common",
    "skullRating": 2,
    "slot": "armor",
    "stats": {
      "defense": 5,
    },
  },
  {
    "description": "A superior chitin armor.",
    "id": "gen_armor_3d6bbc",
    "name": "Rotting Chitin Plate",
    "rarity": "rare",
    "skullRating": 2,
    "slot": "armor",
    "stats": {
      "defense": 5,
    },
  },
  {
    "description": "Deepmaw — a superior chitin mail.",
    "id": "gen_armor_bad59e",
    "name": "Deepmaw",
    "rarity": "legendary",
    "skullRating": 2,
    "slot": "armor",
    "stats": {
      "defense": 5,
    },
  },
  {
    "description": "A fine mycelium armor.",
    "id": "gen_armor_45f244",
    "name": "Fine Mycelium Mail",
    "rarity": "common",
    "skullRating": 2,
    "slot": "armor",
    "stats": {
      "defense": 5,
    },
  },
  {
    "description": "A fine mycelium armor.",
    "id": "gen_armor_9fef43",
    "name": "Gnarled Mycelium Mail",
    "rarity": "rare",
    "skullRating": 2,
    "slot": "armor",
    "stats": {
      "defense": 5,
    },
  },
  {
    "description": "Rotstalk — a fine mycelium mantle.",
    "id": "gen_armor_78e9c4",
    "name": "Rotstalk",
    "rarity": "legendary",
    "skullRating": 2,
    "slot": "armor",
    "stats": {
      "defense": 5,
    },
  },
  {
    "description": "A chitin armor.",
    "id": "gen_armor_02e7e3",
    "name": "Chitin Hauberk",
    "rarity": "common",
    "skullRating": 2,
    "slot": "armor",
    "stats": {
      "defense": 4,
    },
  },
  {
    "description": "A chitin armor.",
    "id": "gen_armor_1afde2",
    "name": "Gleaming Chitin Hauberk",
    "rarity": "rare",
    "skullRating": 2,
    "slot": "armor",
    "stats": {
      "defense": 4,
    },
  },
  {
    "description": "Sporefang — a chitin plate.",
    "id": "gen_armor_abc2d2",
    "name": "Sporefang",
    "rarity": "legendary",
    "skullRating": 2,
    "slot": "armor",
    "stats": {
      "defense": 4,
    },
  },
  {
    "description": "A superior chitin armor.",
    "id": "gen_armor_296abd",
    "name": "Superior Chitin Wrap",
    "rarity": "common",
    "skullRating": 2,
    "slot": "armor",
    "stats": {
      "defense": 5,
    },
  },
  {
    "description": "A superior chitin armor.",
    "id": "gen_armor_cd817b",
    "name": "Whispering Chitin Wrap",
    "rarity": "rare",
    "skullRating": 2,
    "slot": "armor",
    "stats": {
      "defense": 5,
    },
  },
  {
    "description": "Bonerend — a superior chitin plate.",
    "id": "gen_armor_20a341",
    "name": "Bonerend",
    "rarity": "legendary",
    "skullRating": 2,
    "slot": "armor",
    "stats": {
      "defense": 5,
    },
  },
  {
    "description": "A mycelium accessory.",
    "id": "gen_accessory_b8829e",
    "name": "Mycelium Pendant",
    "rarity": "common",
    "skullRating": 2,
    "slot": "accessory",
    "stats": {
      "initiative": 9,
    },
  },
  {
    "description": "A mycelium accessory.",
    "id": "gen_accessory_6d0107",
    "name": "Writhing Mycelium Pendant",
    "rarity": "rare",
    "skullRating": 2,
    "slot": "accessory",
    "stats": {
      "initiative": 9,
    },
  },
  {
    "description": "Darkbloom — a mycelium brooch.",
    "id": "gen_accessory_748ca5",
    "name": "Darkbloom",
    "rarity": "legendary",
    "skullRating": 2,
    "slot": "accessory",
    "stats": {
      "initiative": 9,
    },
  },
  {
    "description": "A superior bone accessory.",
    "id": "gen_accessory_3d6bbc",
    "name": "Superior Bone Charm",
    "rarity": "common",
    "skullRating": 2,
    "slot": "accessory",
    "stats": {
      "defense": 8,
    },
  },
  {
    "description": "A superior bone accessory.",
    "id": "gen_accessory_8da6be",
    "name": "Pulsing Bone Charm",
    "rarity": "rare",
    "skullRating": 2,
    "slot": "accessory",
    "stats": {
      "defense": 8,
    },
  },
  {
    "description": "Dreadcap — a superior bone circlet.",
    "id": "gen_accessory_420033",
    "name": "Dreadcap",
    "rarity": "legendary",
    "skullRating": 2,
    "slot": "accessory",
    "stats": {
      "defense": 8,
    },
  },
  {
    "description": "A fine mycelium accessory.",
    "id": "gen_accessory_9fef43",
    "name": "Fine Mycelium Ring",
    "rarity": "common",
    "skullRating": 2,
    "slot": "accessory",
    "stats": {
      "defense": 8,
    },
  },
  {
    "description": "A fine mycelium accessory.",
    "id": "gen_accessory_dd8fbe",
    "name": "Encrusted Mycelium Ring",
    "rarity": "rare",
    "skullRating": 2,
    "slot": "accessory",
    "stats": {
      "defense": 8,
    },
  },
  {
    "description": "Cryptrend — a fine mycelium charm.",
    "id": "gen_accessory_3ffb00",
    "name": "Cryptrend",
    "rarity": "legendary",
    "skullRating": 2,
    "slot": "accessory",
    "stats": {
      "defense": 8,
    },
  },
  {
    "description": "A bone accessory.",
    "id": "gen_accessory_1afde2",
    "name": "Bone Amulet",
    "rarity": "common",
    "skullRating": 2,
    "slot": "accessory",
    "stats": {
      "defense": 5,
    },
  },
  {
    "description": "A bone accessory.",
    "id": "gen_accessory_65862a",
    "name": "Festering Bone Amulet",
    "rarity": "rare",
    "skullRating": 2,
    "slot": "accessory",
    "stats": {
      "defense": 5,
    },
  },
  {
    "description": "Gloomthorn — a bone circlet.",
    "id": "gen_accessory_5dbec1",
    "name": "Gloomthorn",
    "rarity": "legendary",
    "skullRating": 2,
    "slot": "accessory",
    "stats": {
      "defense": 5,
    },
  },
  {
    "description": "A superior bone accessory.",
    "id": "gen_accessory_cd817b",
    "name": "Superior Bone Amulet",
    "rarity": "common",
    "skullRating": 2,
    "slot": "accessory",
    "stats": {
      "initiative": 7,
    },
  },
  {
    "description": "A superior bone accessory.",
    "id": "gen_accessory_662041",
    "name": "Iridescent Bone Amulet",
    "rarity": "rare",
    "skullRating": 2,
    "slot": "accessory",
    "stats": {
      "initiative": 7,
    },
  },
  {
    "description": "Murkthorn — a superior bone amulet.",
    "id": "gen_accessory_8b57a6",
    "name": "Murkthorn",
    "rarity": "legendary",
    "skullRating": 2,
    "slot": "accessory",
    "stats": {
      "initiative": 7,
    },
  },
  {
    "description": "A steel weapon.",
    "id": "gen_weapon_9ce301",
    "name": "Steel Mace",
    "rarity": "common",
    "skullRating": 2,
    "slot": "weapon",
    "stats": {
      "damage": 10,
    },
  },
  {
    "description": "A steel weapon.",
    "id": "gen_weapon_b8829e",
    "name": "Crude Steel Mace",
    "rarity": "rare",
    "skullRating": 2,
    "slot": "weapon",
    "stats": {
      "damage": 10,
    },
  },
  {
    "description": "Bracecut — a steel dagger.",
    "id": "gen_weapon_feacb6",
    "name": "Bracecut",
    "rarity": "legendary",
    "skullRating": 2,
    "slot": "weapon",
    "stats": {
      "damage": 10,
    },
  },
  {
    "description": "A superior iron weapon.",
    "id": "gen_weapon_775b05",
    "name": "Superior Iron Dagger",
    "rarity": "common",
    "skullRating": 2,
    "slot": "weapon",
    "stats": {
      "damage": 10,
    },
  },
  {
    "description": "A superior iron weapon.",
    "id": "gen_weapon_3d6bbc",
    "name": "Sturdy Iron Dagger",
    "rarity": "rare",
    "skullRating": 2,
    "slot": "weapon",
    "stats": {
      "damage": 10,
    },
  },
  {
    "description": "Truebane — a superior iron spear.",
    "id": "gen_weapon_bad59e",
    "name": "Truebane",
    "rarity": "legendary",
    "skullRating": 2,
    "slot": "weapon",
    "stats": {
      "damage": 10,
    },
  },
  {
    "description": "A fine steel weapon.",
    "id": "gen_weapon_45f244",
    "name": "Fine Steel Spear",
    "rarity": "common",
    "skullRating": 2,
    "slot": "weapon",
    "stats": {
      "damage": 9,
    },
  },
  {
    "description": "A fine steel weapon.",
    "id": "gen_weapon_9fef43",
    "name": "Battered Steel Spear",
    "rarity": "rare",
    "skullRating": 2,
    "slot": "weapon",
    "stats": {
      "damage": 9,
    },
  },
  {
    "description": "Guardthrust — a fine steel hammer.",
    "id": "gen_weapon_78e9c4",
    "name": "Guardthrust",
    "rarity": "legendary",
    "skullRating": 2,
    "slot": "weapon",
    "stats": {
      "damage": 9,
    },
  },
  {
    "description": "A wood weapon.",
    "id": "gen_weapon_02e7e3",
    "name": "Wood Hammer",
    "rarity": "common",
    "skullRating": 2,
    "slot": "weapon",
    "stats": {
      "damage": 5,
    },
  },
  {
    "description": "A wood weapon.",
    "id": "gen_weapon_1afde2",
    "name": "Worn Wood Hammer",
    "rarity": "rare",
    "skullRating": 2,
    "slot": "weapon",
    "stats": {
      "damage": 5,
    },
  },
  {
    "description": "Warguard — a wood dagger.",
    "id": "gen_weapon_abc2d2",
    "name": "Warguard",
    "rarity": "legendary",
    "skullRating": 2,
    "slot": "weapon",
    "stats": {
      "damage": 5,
    },
  },
  {
    "description": "A superior wood weapon.",
    "id": "gen_weapon_296abd",
    "name": "Superior Wood Sword",
    "rarity": "common",
    "skullRating": 2,
    "slot": "weapon",
    "stats": {
      "damage": 8,
    },
  },
  {
    "description": "A superior wood weapon.",
    "id": "gen_weapon_cd817b",
    "name": "Tempered Wood Sword",
    "rarity": "rare",
    "skullRating": 2,
    "slot": "weapon",
    "stats": {
      "damage": 8,
    },
  },
  {
    "description": "Ironsmash — a superior wood dagger.",
    "id": "gen_weapon_20a341",
    "name": "Ironsmash",
    "rarity": "legendary",
    "skullRating": 2,
    "slot": "weapon",
    "stats": {
      "damage": 8,
    },
  },
  {
    "description": "A steel offhand.",
    "id": "gen_offhand_9ce301",
    "name": "Steel Buckler",
    "rarity": "common",
    "skullRating": 2,
    "slot": "offhand",
    "stats": {
      "defense": 5,
    },
  },
  {
    "description": "A steel offhand.",
    "id": "gen_offhand_b8829e",
    "name": "Crude Steel Buckler",
    "rarity": "rare",
    "skullRating": 2,
    "slot": "offhand",
    "stats": {
      "defense": 5,
    },
  },
  {
    "description": "Bracecut — a steel round shield.",
    "id": "gen_offhand_feacb6",
    "name": "Bracecut",
    "rarity": "legendary",
    "skullRating": 2,
    "slot": "offhand",
    "stats": {
      "defense": 5,
    },
  },
  {
    "description": "A superior iron offhand.",
    "id": "gen_offhand_775b05",
    "name": "Superior Iron Round shield",
    "rarity": "common",
    "skullRating": 2,
    "slot": "offhand",
    "stats": {
      "defense": 5,
    },
  },
  {
    "description": "A superior iron offhand.",
    "id": "gen_offhand_3d6bbc",
    "name": "Sturdy Iron Round shield",
    "rarity": "rare",
    "skullRating": 2,
    "slot": "offhand",
    "stats": {
      "defense": 5,
    },
  },
  {
    "description": "Truebane — a superior iron kite shield.",
    "id": "gen_offhand_bad59e",
    "name": "Truebane",
    "rarity": "legendary",
    "skullRating": 2,
    "slot": "offhand",
    "stats": {
      "defense": 5,
    },
  },
  {
    "description": "A fine steel offhand.",
    "id": "gen_offhand_45f244",
    "name": "Fine Steel Kite shield",
    "rarity": "common",
    "skullRating": 2,
    "slot": "offhand",
    "stats": {
      "defense": 4,
    },
  },
  {
    "description": "A fine steel offhand.",
    "id": "gen_offhand_9fef43",
    "name": "Battered Steel Kite shield",
    "rarity": "rare",
    "skullRating": 2,
    "slot": "offhand",
    "stats": {
      "defense": 4,
    },
  },
  {
    "description": "Guardthrust — a fine steel parrying dagger.",
    "id": "gen_offhand_78e9c4",
    "name": "Guardthrust",
    "rarity": "legendary",
    "skullRating": 2,
    "slot": "offhand",
    "stats": {
      "defense": 4,
    },
  },
  {
    "description": "A wood offhand.",
    "id": "gen_offhand_02e7e3",
    "name": "Wood Tower shield",
    "rarity": "common",
    "skullRating": 2,
    "slot": "offhand",
    "stats": {
      "defense": 3,
    },
  },
  {
    "description": "A wood offhand.",
    "id": "gen_offhand_1afde2",
    "name": "Worn Wood Tower shield",
    "rarity": "rare",
    "skullRating": 2,
    "slot": "offhand",
    "stats": {
      "defense": 3,
    },
  },
  {
    "description": "Warguard — a wood round shield.",
    "id": "gen_offhand_abc2d2",
    "name": "Warguard",
    "rarity": "legendary",
    "skullRating": 2,
    "slot": "offhand",
    "stats": {
      "defense": 3,
    },
  },
  {
    "description": "A superior wood offhand.",
    "id": "gen_offhand_296abd",
    "name": "Superior Wood Shield",
    "rarity": "common",
    "skullRating": 2,
    "slot": "offhand",
    "stats": {
      "defense": 4,
    },
  },
  {
    "description": "A superior wood offhand.",
    "id": "gen_offhand_cd817b",
    "name": "Tempered Wood Shield",
    "rarity": "rare",
    "skullRating": 2,
    "slot": "offhand",
    "stats": {
      "defense": 4,
    },
  },
  {
    "description": "Ironsmash — a superior wood round shield.",
    "id": "gen_offhand_20a341",
    "name": "Ironsmash",
    "rarity": "legendary",
    "skullRating": 2,
    "slot": "offhand",
    "stats": {
      "defense": 4,
    },
  },
  {
    "description": "A steel armor.",
    "id": "gen_armor_9ce301",
    "name": "Steel Mail",
    "rarity": "common",
    "skullRating": 2,
    "slot": "armor",
    "stats": {
      "defense": 5,
    },
  },
  {
    "description": "A steel armor.",
    "id": "gen_armor_b8829e",
    "name": "Crude Steel Mail",
    "rarity": "rare",
    "skullRating": 2,
    "slot": "armor",
    "stats": {
      "defense": 5,
    },
  },
  {
    "description": "Bracecut — a steel plate.",
    "id": "gen_armor_feacb6",
    "name": "Bracecut",
    "rarity": "legendary",
    "skullRating": 2,
    "slot": "armor",
    "stats": {
      "defense": 5,
    },
  },
  {
    "description": "A superior iron armor.",
    "id": "gen_armor_775b05",
    "name": "Superior Iron Plate",
    "rarity": "common",
    "skullRating": 2,
    "slot": "armor",
    "stats": {
      "defense": 5,
    },
  },
  {
    "description": "A superior iron armor.",
    "id": "gen_armor_3d6bbc",
    "name": "Sturdy Iron Plate",
    "rarity": "rare",
    "skullRating": 2,
    "slot": "armor",
    "stats": {
      "defense": 5,
    },
  },
  {
    "description": "Truebane — a superior iron brigandine.",
    "id": "gen_armor_bad59e",
    "name": "Truebane",
    "rarity": "legendary",
    "skullRating": 2,
    "slot": "armor",
    "stats": {
      "defense": 5,
    },
  },
  {
    "description": "A fine steel armor.",
    "id": "gen_armor_45f244",
    "name": "Fine Steel Brigandine",
    "rarity": "common",
    "skullRating": 2,
    "slot": "armor",
    "stats": {
      "defense": 5,
    },
  },
  {
    "description": "A fine steel armor.",
    "id": "gen_armor_9fef43",
    "name": "Battered Steel Brigandine",
    "rarity": "rare",
    "skullRating": 2,
    "slot": "armor",
    "stats": {
      "defense": 5,
    },
  },
  {
    "description": "Guardthrust — a fine steel hauberk.",
    "id": "gen_armor_78e9c4",
    "name": "Guardthrust",
    "rarity": "legendary",
    "skullRating": 2,
    "slot": "armor",
    "stats": {
      "defense": 5,
    },
  },
  {
    "description": "A leather armor.",
    "id": "gen_armor_02e7e3",
    "name": "Leather Hauberk",
    "rarity": "common",
    "skullRating": 2,
    "slot": "armor",
    "stats": {
      "defense": 4,
    },
  },
  {
    "description": "A leather armor.",
    "id": "gen_armor_1afde2",
    "name": "Worn Leather Hauberk",
    "rarity": "rare",
    "skullRating": 2,
    "slot": "armor",
    "stats": {
      "defense": 4,
    },
  },
  {
    "description": "Warguard — a leather plate.",
    "id": "gen_armor_abc2d2",
    "name": "Warguard",
    "rarity": "legendary",
    "skullRating": 2,
    "slot": "armor",
    "stats": {
      "defense": 4,
    },
  },
  {
    "description": "A superior leather armor.",
    "id": "gen_armor_296abd",
    "name": "Superior Leather Vest",
    "rarity": "common",
    "skullRating": 2,
    "slot": "armor",
    "stats": {
      "defense": 5,
    },
  },
  {
    "description": "A superior leather armor.",
    "id": "gen_armor_cd817b",
    "name": "Tempered Leather Vest",
    "rarity": "rare",
    "skullRating": 2,
    "slot": "armor",
    "stats": {
      "defense": 5,
    },
  },
  {
    "description": "Ironsmash — a superior leather plate.",
    "id": "gen_armor_20a341",
    "name": "Ironsmash",
    "rarity": "legendary",
    "skullRating": 2,
    "slot": "armor",
    "stats": {
      "defense": 5,
    },
  },
  {
    "description": "A brass accessory.",
    "id": "gen_accessory_b8829e",
    "name": "Brass Brooch",
    "rarity": "common",
    "skullRating": 2,
    "slot": "accessory",
    "stats": {
      "initiative": 10,
    },
  },
  {
    "description": "A brass accessory.",
    "id": "gen_accessory_6d0107",
    "name": "Hardened Brass Brooch",
    "rarity": "rare",
    "skullRating": 2,
    "slot": "accessory",
    "stats": {
      "initiative": 10,
    },
  },
  {
    "description": "Hardhold — a brass talisman.",
    "id": "gen_accessory_748ca5",
    "name": "Hardhold",
    "rarity": "legendary",
    "skullRating": 2,
    "slot": "accessory",
    "stats": {
      "initiative": 10,
    },
  },
  {
    "description": "A superior leather accessory.",
    "id": "gen_accessory_3d6bbc",
    "name": "Superior Leather Bracelet",
    "rarity": "common",
    "skullRating": 2,
    "slot": "accessory",
    "stats": {
      "defense": 10,
    },
  },
  {
    "description": "A superior leather accessory.",
    "id": "gen_accessory_8da6be",
    "name": "Rust-bitten Leather Bracelet",
    "rarity": "rare",
    "skullRating": 2,
    "slot": "accessory",
    "stats": {
      "defense": 10,
    },
  },
  {
    "description": "Steelwall — a superior leather circlet.",
    "id": "gen_accessory_420033",
    "name": "Steelwall",
    "rarity": "legendary",
    "skullRating": 2,
    "slot": "accessory",
    "stats": {
      "defense": 10,
    },
  },
  {
    "description": "A fine brass accessory.",
    "id": "gen_accessory_9fef43",
    "name": "Fine Brass Amulet",
    "rarity": "common",
    "skullRating": 2,
    "slot": "accessory",
    "stats": {
      "defense": 8,
    },
  },
  {
    "description": "A fine brass accessory.",
    "id": "gen_accessory_dd8fbe",
    "name": "Crude Brass Amulet",
    "rarity": "rare",
    "skullRating": 2,
    "slot": "accessory",
    "stats": {
      "defense": 8,
    },
  },
  {
    "description": "Bracesmash — a fine brass bracelet.",
    "id": "gen_accessory_3ffb00",
    "name": "Bracesmash",
    "rarity": "legendary",
    "skullRating": 2,
    "slot": "accessory",
    "stats": {
      "defense": 8,
    },
  },
  {
    "description": "A wood accessory.",
    "id": "gen_accessory_1afde2",
    "name": "Wood Ring",
    "rarity": "common",
    "skullRating": 2,
    "slot": "accessory",
    "stats": {
      "defense": 7,
    },
  },
  {
    "description": "A wood accessory.",
    "id": "gen_accessory_65862a",
    "name": "Patched Wood Ring",
    "rarity": "rare",
    "skullRating": 2,
    "slot": "accessory",
    "stats": {
      "defense": 7,
    },
  },
  {
    "description": "Railedge — a wood brooch.",
    "id": "gen_accessory_5dbec1",
    "name": "Railedge",
    "rarity": "legendary",
    "skullRating": 2,
    "slot": "accessory",
    "stats": {
      "defense": 7,
    },
  },
  {
    "description": "A superior wood accessory.",
    "id": "gen_accessory_cd817b",
    "name": "Superior Wood Amulet",
    "rarity": "common",
    "skullRating": 2,
    "slot": "accessory",
    "stats": {
      "initiative": 7,
    },
  },
  {
    "description": "A superior wood accessory.",
    "id": "gen_accessory_662041",
    "name": "Honed Wood Amulet",
    "rarity": "rare",
    "skullRating": 2,
    "slot": "accessory",
    "stats": {
      "initiative": 7,
    },
  },
  {
    "description": "Crankedge — a superior wood ring.",
    "id": "gen_accessory_8b57a6",
    "name": "Crankedge",
    "rarity": "legendary",
    "skullRating": 2,
    "slot": "accessory",
    "stats": {
      "initiative": 7,
    },
  },
  {
    "description": "A amethyst weapon.",
    "id": "gen_weapon_9ce301",
    "name": "Amethyst Quartz dagger",
    "rarity": "common",
    "skullRating": 2,
    "slot": "weapon",
    "stats": {
      "damage": 9,
    },
  },
  {
    "description": "A amethyst weapon.",
    "id": "gen_weapon_b8829e",
    "name": "Luminous Amethyst Quartz dagger",
    "rarity": "rare",
    "skullRating": 2,
    "slot": "weapon",
    "stats": {
      "damage": 9,
    },
  },
  {
    "description": "Quartzdazzle — a amethyst prism lance.",
    "id": "gen_weapon_feacb6",
    "name": "Quartzdazzle",
    "rarity": "legendary",
    "skullRating": 2,
    "slot": "weapon",
    "stats": {
      "damage": 9,
    },
  },
  {
    "description": "A superior quartz weapon.",
    "id": "gen_weapon_775b05",
    "name": "Superior Quartz Prism lance",
    "rarity": "common",
    "skullRating": 2,
    "slot": "weapon",
    "stats": {
      "damage": 10,
    },
  },
  {
    "description": "A superior quartz weapon.",
    "id": "gen_weapon_3d6bbc",
    "name": "Brilliant Quartz Prism lance",
    "rarity": "rare",
    "skullRating": 2,
    "slot": "weapon",
    "stats": {
      "damage": 10,
    },
  },
  {
    "description": "Lensglare — a superior quartz facet spear.",
    "id": "gen_weapon_bad59e",
    "name": "Lensglare",
    "rarity": "legendary",
    "skullRating": 2,
    "slot": "weapon",
    "stats": {
      "damage": 10,
    },
  },
  {
    "description": "A fine amethyst weapon.",
    "id": "gen_weapon_45f244",
    "name": "Fine Amethyst Facet spear",
    "rarity": "common",
    "skullRating": 2,
    "slot": "weapon",
    "stats": {
      "damage": 7,
    },
  },
  {
    "description": "A fine amethyst weapon.",
    "id": "gen_weapon_9fef43",
    "name": "Radiant Amethyst Facet spear",
    "rarity": "rare",
    "skullRating": 2,
    "slot": "weapon",
    "stats": {
      "damage": 7,
    },
  },
  {
    "description": "Refractburst — a fine amethyst geode maul.",
    "id": "gen_weapon_78e9c4",
    "name": "Refractburst",
    "rarity": "legendary",
    "skullRating": 2,
    "slot": "weapon",
    "stats": {
      "damage": 7,
    },
  },
  {
    "description": "A quartz weapon.",
    "id": "gen_weapon_02e7e3",
    "name": "Quartz Geode maul",
    "rarity": "common",
    "skullRating": 2,
    "slot": "weapon",
    "stats": {
      "damage": 7,
    },
  },
  {
    "description": "A quartz weapon.",
    "id": "gen_weapon_1afde2",
    "name": "Shimmering Quartz Geode maul",
    "rarity": "rare",
    "skullRating": 2,
    "slot": "weapon",
    "stats": {
      "damage": 7,
    },
  },
  {
    "description": "Prismflash — a quartz prism lance.",
    "id": "gen_weapon_abc2d2",
    "name": "Prismflash",
    "rarity": "legendary",
    "skullRating": 2,
    "slot": "weapon",
    "stats": {
      "damage": 7,
    },
  },
  {
    "description": "A superior quartz weapon.",
    "id": "gen_weapon_296abd",
    "name": "Superior Quartz Shard blade",
    "rarity": "common",
    "skullRating": 2,
    "slot": "weapon",
    "stats": {
      "damage": 10,
    },
  },
  {
    "description": "A superior quartz weapon.",
    "id": "gen_weapon_cd817b",
    "name": "Faceted Quartz Shard blade",
    "rarity": "rare",
    "skullRating": 2,
    "slot": "weapon",
    "stats": {
      "damage": 10,
    },
  },
  {
    "description": "Gleamgleam — a superior quartz prism lance.",
    "id": "gen_weapon_20a341",
    "name": "Gleamgleam",
    "rarity": "legendary",
    "skullRating": 2,
    "slot": "weapon",
    "stats": {
      "damage": 10,
    },
  },
  {
    "description": "A prism offhand.",
    "id": "gen_offhand_9ce301",
    "name": "Prism Prism focus",
    "rarity": "common",
    "skullRating": 2,
    "slot": "offhand",
    "stats": {
      "defense": 5,
    },
  },
  {
    "description": "A prism offhand.",
    "id": "gen_offhand_b8829e",
    "name": "Luminous Prism Prism focus",
    "rarity": "rare",
    "skullRating": 2,
    "slot": "offhand",
    "stats": {
      "defense": 5,
    },
  },
  {
    "description": "Quartzdazzle — a prism quartz ward.",
    "id": "gen_offhand_feacb6",
    "name": "Quartzdazzle",
    "rarity": "legendary",
    "skullRating": 2,
    "slot": "offhand",
    "stats": {
      "defense": 5,
    },
  },
  {
    "description": "A superior quartz offhand.",
    "id": "gen_offhand_775b05",
    "name": "Superior Quartz Quartz ward",
    "rarity": "common",
    "skullRating": 2,
    "slot": "offhand",
    "stats": {
      "defense": 5,
    },
  },
  {
    "description": "A superior quartz offhand.",
    "id": "gen_offhand_3d6bbc",
    "name": "Brilliant Quartz Quartz ward",
    "rarity": "rare",
    "skullRating": 2,
    "slot": "offhand",
    "stats": {
      "defense": 5,
    },
  },
  {
    "description": "Lensglare — a superior quartz facet shield.",
    "id": "gen_offhand_bad59e",
    "name": "Lensglare",
    "rarity": "legendary",
    "skullRating": 2,
    "slot": "offhand",
    "stats": {
      "defense": 5,
    },
  },
  {
    "description": "A fine prism offhand.",
    "id": "gen_offhand_45f244",
    "name": "Fine Prism Facet shield",
    "rarity": "common",
    "skullRating": 2,
    "slot": "offhand",
    "stats": {
      "defense": 4,
    },
  },
  {
    "description": "A fine prism offhand.",
    "id": "gen_offhand_9fef43",
    "name": "Radiant Prism Facet shield",
    "rarity": "rare",
    "skullRating": 2,
    "slot": "offhand",
    "stats": {
      "defense": 4,
    },
  },
  {
    "description": "Refractburst — a fine prism shard tome.",
    "id": "gen_offhand_78e9c4",
    "name": "Refractburst",
    "rarity": "legendary",
    "skullRating": 2,
    "slot": "offhand",
    "stats": {
      "defense": 4,
    },
  },
  {
    "description": "A geode offhand.",
    "id": "gen_offhand_02e7e3",
    "name": "Geode Lattice orb",
    "rarity": "common",
    "skullRating": 2,
    "slot": "offhand",
    "stats": {
      "defense": 4,
    },
  },
  {
    "description": "A geode offhand.",
    "id": "gen_offhand_1afde2",
    "name": "Shimmering Geode Lattice orb",
    "rarity": "rare",
    "skullRating": 2,
    "slot": "offhand",
    "stats": {
      "defense": 4,
    },
  },
  {
    "description": "Prismflash — a geode quartz ward.",
    "id": "gen_offhand_abc2d2",
    "name": "Prismflash",
    "rarity": "legendary",
    "skullRating": 2,
    "slot": "offhand",
    "stats": {
      "defense": 4,
    },
  },
  {
    "description": "A superior geode offhand.",
    "id": "gen_offhand_296abd",
    "name": "Superior Geode Crystal buckler",
    "rarity": "common",
    "skullRating": 2,
    "slot": "offhand",
    "stats": {
      "defense": 5,
    },
  },
  {
    "description": "A superior geode offhand.",
    "id": "gen_offhand_cd817b",
    "name": "Faceted Geode Crystal buckler",
    "rarity": "rare",
    "skullRating": 2,
    "slot": "offhand",
    "stats": {
      "defense": 5,
    },
  },
  {
    "description": "Gleamgleam — a superior geode quartz ward.",
    "id": "gen_offhand_20a341",
    "name": "Gleamgleam",
    "rarity": "legendary",
    "skullRating": 2,
    "slot": "offhand",
    "stats": {
      "defense": 5,
    },
  },
  {
    "description": "A amethyst armor.",
    "id": "gen_armor_9ce301",
    "name": "Amethyst Lattice vest",
    "rarity": "common",
    "skullRating": 2,
    "slot": "armor",
    "stats": {
      "defense": 5,
    },
  },
  {
    "description": "A amethyst armor.",
    "id": "gen_armor_b8829e",
    "name": "Luminous Amethyst Lattice vest",
    "rarity": "rare",
    "skullRating": 2,
    "slot": "armor",
    "stats": {
      "defense": 5,
    },
  },
  {
    "description": "Quartzdazzle — a amethyst prism plate.",
    "id": "gen_armor_feacb6",
    "name": "Quartzdazzle",
    "rarity": "legendary",
    "skullRating": 2,
    "slot": "armor",
    "stats": {
      "defense": 5,
    },
  },
  {
    "description": "A superior geode armor.",
    "id": "gen_armor_775b05",
    "name": "Superior Geode Prism plate",
    "rarity": "common",
    "skullRating": 2,
    "slot": "armor",
    "stats": {
      "defense": 5,
    },
  },
  {
    "description": "A superior geode armor.",
    "id": "gen_armor_3d6bbc",
    "name": "Brilliant Geode Prism plate",
    "rarity": "rare",
    "skullRating": 2,
    "slot": "armor",
    "stats": {
      "defense": 5,
    },
  },
  {
    "description": "Lensglare — a superior geode geode hauberk.",
    "id": "gen_armor_bad59e",
    "name": "Lensglare",
    "rarity": "legendary",
    "skullRating": 2,
    "slot": "armor",
    "stats": {
      "defense": 5,
    },
  },
  {
    "description": "A fine amethyst armor.",
    "id": "gen_armor_45f244",
    "name": "Fine Amethyst Geode hauberk",
    "rarity": "common",
    "skullRating": 2,
    "slot": "armor",
    "stats": {
      "defense": 5,
    },
  },
  {
    "description": "A fine amethyst armor.",
    "id": "gen_armor_9fef43",
    "name": "Radiant Amethyst Geode hauberk",
    "rarity": "rare",
    "skullRating": 2,
    "slot": "armor",
    "stats": {
      "defense": 5,
    },
  },
  {
    "description": "Refractburst — a fine amethyst resonance wrap.",
    "id": "gen_armor_78e9c4",
    "name": "Refractburst",
    "rarity": "legendary",
    "skullRating": 2,
    "slot": "armor",
    "stats": {
      "defense": 5,
    },
  },
  {
    "description": "A geode armor.",
    "id": "gen_armor_02e7e3",
    "name": "Geode Facet cuirass",
    "rarity": "common",
    "skullRating": 2,
    "slot": "armor",
    "stats": {
      "defense": 4,
    },
  },
  {
    "description": "A geode armor.",
    "id": "gen_armor_1afde2",
    "name": "Shimmering Geode Facet cuirass",
    "rarity": "rare",
    "skullRating": 2,
    "slot": "armor",
    "stats": {
      "defense": 4,
    },
  },
  {
    "description": "Prismflash — a geode prism plate.",
    "id": "gen_armor_abc2d2",
    "name": "Prismflash",
    "rarity": "legendary",
    "skullRating": 2,
    "slot": "armor",
    "stats": {
      "defense": 4,
    },
  },
  {
    "description": "A superior geode armor.",
    "id": "gen_armor_296abd",
    "name": "Superior Geode Crystal mail",
    "rarity": "common",
    "skullRating": 2,
    "slot": "armor",
    "stats": {
      "defense": 5,
    },
  },
  {
    "description": "A superior geode armor.",
    "id": "gen_armor_cd817b",
    "name": "Faceted Geode Crystal mail",
    "rarity": "rare",
    "skullRating": 2,
    "slot": "armor",
    "stats": {
      "defense": 5,
    },
  },
  {
    "description": "Gleamgleam — a superior geode prism plate.",
    "id": "gen_armor_20a341",
    "name": "Gleamgleam",
    "rarity": "legendary",
    "skullRating": 2,
    "slot": "armor",
    "stats": {
      "defense": 5,
    },
  },
  {
    "description": "A amethyst accessory.",
    "id": "gen_accessory_b8829e",
    "name": "Amethyst Shard charm",
    "rarity": "common",
    "skullRating": 2,
    "slot": "accessory",
    "stats": {
      "initiative": 10,
    },
  },
  {
    "description": "A amethyst accessory.",
    "id": "gen_accessory_6d0107",
    "name": "Scintillating Amethyst Shard charm",
    "rarity": "rare",
    "skullRating": 2,
    "slot": "accessory",
    "stats": {
      "initiative": 10,
    },
  },
  {
    "description": "Veilshard — a amethyst geode brooch.",
    "id": "gen_accessory_748ca5",
    "name": "Veilshard",
    "rarity": "legendary",
    "skullRating": 2,
    "slot": "accessory",
    "stats": {
      "initiative": 10,
    },
  },
  {
    "description": "A superior quartz accessory.",
    "id": "gen_accessory_3d6bbc",
    "name": "Superior Quartz Facet circlet",
    "rarity": "common",
    "skullRating": 2,
    "slot": "accessory",
    "stats": {
      "defense": 10,
    },
  },
  {
    "description": "A superior quartz accessory.",
    "id": "gen_accessory_8da6be",
    "name": "Gleaming Quartz Facet circlet",
    "rarity": "rare",
    "skullRating": 2,
    "slot": "accessory",
    "stats": {
      "defense": 10,
    },
  },
  {
    "description": "Rayray — a superior quartz resonance band.",
    "id": "gen_accessory_420033",
    "name": "Rayray",
    "rarity": "legendary",
    "skullRating": 2,
    "slot": "accessory",
    "stats": {
      "defense": 10,
    },
  },
  {
    "description": "A fine amethyst accessory.",
    "id": "gen_accessory_9fef43",
    "name": "Fine Amethyst Prism ring",
    "rarity": "common",
    "skullRating": 2,
    "slot": "accessory",
    "stats": {
      "defense": 8,
    },
  },
  {
    "description": "A fine amethyst accessory.",
    "id": "gen_accessory_dd8fbe",
    "name": "Luminous Amethyst Prism ring",
    "rarity": "rare",
    "skullRating": 2,
    "slot": "accessory",
    "stats": {
      "defense": 8,
    },
  },
  {
    "description": "Quartzgleam — a fine amethyst facet circlet.",
    "id": "gen_accessory_3ffb00",
    "name": "Quartzgleam",
    "rarity": "legendary",
    "skullRating": 2,
    "slot": "accessory",
    "stats": {
      "defense": 8,
    },
  },
  {
    "description": "A geode accessory.",
    "id": "gen_accessory_1afde2",
    "name": "Geode Crystal pendant",
    "rarity": "common",
    "skullRating": 2,
    "slot": "accessory",
    "stats": {
      "defense": 8,
    },
  },
  {
    "description": "A geode accessory.",
    "id": "gen_accessory_65862a",
    "name": "Prismatic Geode Crystal pendant",
    "rarity": "rare",
    "skullRating": 2,
    "slot": "accessory",
    "stats": {
      "defense": 8,
    },
  },
  {
    "description": "Shardspark — a geode shard charm.",
    "id": "gen_accessory_5dbec1",
    "name": "Shardspark",
    "rarity": "legendary",
    "skullRating": 2,
    "slot": "accessory",
    "stats": {
      "defense": 8,
    },
  },
  {
    "description": "A superior geode accessory.",
    "id": "gen_accessory_cd817b",
    "name": "Superior Geode Prism ring",
    "rarity": "common",
    "skullRating": 2,
    "slot": "accessory",
    "stats": {
      "initiative": 7,
    },
  },
  {
    "description": "A superior geode accessory.",
    "id": "gen_accessory_662041",
    "name": "Humming Geode Prism ring",
    "rarity": "rare",
    "skullRating": 2,
    "slot": "accessory",
    "stats": {
      "initiative": 7,
    },
  },
  {
    "description": "Shinespark — a superior geode crystal pendant.",
    "id": "gen_accessory_8b57a6",
    "name": "Shinespark",
    "rarity": "legendary",
    "skullRating": 2,
    "slot": "accessory",
    "stats": {
      "initiative": 7,
    },
  },
  {
    "description": "A coral weapon.",
    "id": "gen_weapon_9ce301",
    "name": "Coral Trident",
    "rarity": "common",
    "skullRating": 2,
    "slot": "weapon",
    "stats": {
      "damage": 10,
    },
  },
  {
    "description": "A coral weapon.",
    "id": "gen_weapon_b8829e",
    "name": "Fathomless Coral Trident",
    "rarity": "rare",
    "skullRating": 2,
    "slot": "weapon",
    "stats": {
      "damage": 10,
    },
  },
  {
    "description": "Kelppull — a coral coral blade.",
    "id": "gen_weapon_feacb6",
    "name": "Kelppull",
    "rarity": "legendary",
    "skullRating": 2,
    "slot": "weapon",
    "stats": {
      "damage": 10,
    },
  },
  {
    "description": "A superior driftwood weapon.",
    "id": "gen_weapon_775b05",
    "name": "Superior Driftwood Coral blade",
    "rarity": "common",
    "skullRating": 2,
    "slot": "weapon",
    "stats": {
      "damage": 8,
    },
  },
  {
    "description": "A superior driftwood weapon.",
    "id": "gen_weapon_3d6bbc",
    "name": "Drowned Driftwood Coral blade",
    "rarity": "rare",
    "skullRating": 2,
    "slot": "weapon",
    "stats": {
      "damage": 8,
    },
  },
  {
    "description": "Abysscurrent — a superior driftwood driftwood club.",
    "id": "gen_weapon_bad59e",
    "name": "Abysscurrent",
    "rarity": "legendary",
    "skullRating": 2,
    "slot": "weapon",
    "stats": {
      "damage": 8,
    },
  },
  {
    "description": "A fine coral weapon.",
    "id": "gen_weapon_45f244",
    "name": "Fine Coral Driftwood club",
    "rarity": "common",
    "skullRating": 2,
    "slot": "weapon",
    "stats": {
      "damage": 8,
    },
  },
  {
    "description": "A fine coral weapon.",
    "id": "gen_weapon_9fef43",
    "name": "Salt-crusted Coral Driftwood club",
    "rarity": "rare",
    "skullRating": 2,
    "slot": "weapon",
    "stats": {
      "damage": 8,
    },
  },
  {
    "description": "Surgesink — a fine coral sea axe.",
    "id": "gen_weapon_78e9c4",
    "name": "Surgesink",
    "rarity": "legendary",
    "skullRating": 2,
    "slot": "weapon",
    "stats": {
      "damage": 8,
    },
  },
  {
    "description": "A driftwood weapon.",
    "id": "gen_weapon_02e7e3",
    "name": "Driftwood Sea axe",
    "rarity": "common",
    "skullRating": 2,
    "slot": "weapon",
    "stats": {
      "damage": 5,
    },
  },
  {
    "description": "A driftwood weapon.",
    "id": "gen_weapon_1afde2",
    "name": "Corroded Driftwood Sea axe",
    "rarity": "rare",
    "skullRating": 2,
    "slot": "weapon",
    "stats": {
      "damage": 5,
    },
  },
  {
    "description": "Tidesurge — a driftwood coral blade.",
    "id": "gen_weapon_abc2d2",
    "name": "Tidesurge",
    "rarity": "legendary",
    "skullRating": 2,
    "slot": "weapon",
    "stats": {
      "damage": 5,
    },
  },
  {
    "description": "A superior driftwood weapon.",
    "id": "gen_weapon_296abd",
    "name": "Superior Driftwood Cutlass",
    "rarity": "common",
    "skullRating": 2,
    "slot": "weapon",
    "stats": {
      "damage": 8,
    },
  },
  {
    "description": "A superior driftwood weapon.",
    "id": "gen_weapon_cd817b",
    "name": "Sunken Driftwood Cutlass",
    "rarity": "rare",
    "skullRating": 2,
    "slot": "weapon",
    "stats": {
      "damage": 8,
    },
  },
  {
    "description": "Brineflow — a superior driftwood coral blade.",
    "id": "gen_weapon_20a341",
    "name": "Brineflow",
    "rarity": "legendary",
    "skullRating": 2,
    "slot": "weapon",
    "stats": {
      "damage": 8,
    },
  },
  {
    "description": "A pearl offhand.",
    "id": "gen_offhand_9ce301",
    "name": "Pearl Driftwood buckler",
    "rarity": "common",
    "skullRating": 2,
    "slot": "offhand",
    "stats": {
      "defense": 5,
    },
  },
  {
    "description": "A pearl offhand.",
    "id": "gen_offhand_b8829e",
    "name": "Fathomless Pearl Driftwood buckler",
    "rarity": "rare",
    "skullRating": 2,
    "slot": "offhand",
    "stats": {
      "defense": 5,
    },
  },
  {
    "description": "Kelppull — a pearl coral ward.",
    "id": "gen_offhand_feacb6",
    "name": "Kelppull",
    "rarity": "legendary",
    "skullRating": 2,
    "slot": "offhand",
    "stats": {
      "defense": 5,
    },
  },
  {
    "description": "A superior driftwood offhand.",
    "id": "gen_offhand_775b05",
    "name": "Superior Driftwood Coral ward",
    "rarity": "common",
    "skullRating": 2,
    "slot": "offhand",
    "stats": {
      "defense": 5,
    },
  },
  {
    "description": "A superior driftwood offhand.",
    "id": "gen_offhand_3d6bbc",
    "name": "Drowned Driftwood Coral ward",
    "rarity": "rare",
    "skullRating": 2,
    "slot": "offhand",
    "stats": {
      "defense": 5,
    },
  },
  {
    "description": "Abysscurrent — a superior driftwood barnacle shield.",
    "id": "gen_offhand_bad59e",
    "name": "Abysscurrent",
    "rarity": "legendary",
    "skullRating": 2,
    "slot": "offhand",
    "stats": {
      "defense": 5,
    },
  },
  {
    "description": "A fine pearl offhand.",
    "id": "gen_offhand_45f244",
    "name": "Fine Pearl Barnacle shield",
    "rarity": "common",
    "skullRating": 2,
    "slot": "offhand",
    "stats": {
      "defense": 4,
    },
  },
  {
    "description": "A fine pearl offhand.",
    "id": "gen_offhand_9fef43",
    "name": "Salt-crusted Pearl Barnacle shield",
    "rarity": "rare",
    "skullRating": 2,
    "slot": "offhand",
    "stats": {
      "defense": 4,
    },
  },
  {
    "description": "Surgesink — a fine pearl brine focus.",
    "id": "gen_offhand_78e9c4",
    "name": "Surgesink",
    "rarity": "legendary",
    "skullRating": 2,
    "slot": "offhand",
    "stats": {
      "defense": 4,
    },
  },
  {
    "description": "A barnacle offhand.",
    "id": "gen_offhand_02e7e3",
    "name": "Barnacle Pearl orb",
    "rarity": "common",
    "skullRating": 2,
    "slot": "offhand",
    "stats": {
      "defense": 4,
    },
  },
  {
    "description": "A barnacle offhand.",
    "id": "gen_offhand_1afde2",
    "name": "Corroded Barnacle Pearl orb",
    "rarity": "rare",
    "skullRating": 2,
    "slot": "offhand",
    "stats": {
      "defense": 4,
    },
  },
  {
    "description": "Tidesurge — a barnacle coral ward.",
    "id": "gen_offhand_abc2d2",
    "name": "Tidesurge",
    "rarity": "legendary",
    "skullRating": 2,
    "slot": "offhand",
    "stats": {
      "defense": 4,
    },
  },
  {
    "description": "A superior barnacle offhand.",
    "id": "gen_offhand_296abd",
    "name": "Superior Barnacle Shell shield",
    "rarity": "common",
    "skullRating": 2,
    "slot": "offhand",
    "stats": {
      "defense": 5,
    },
  },
  {
    "description": "A superior barnacle offhand.",
    "id": "gen_offhand_cd817b",
    "name": "Sunken Barnacle Shell shield",
    "rarity": "rare",
    "skullRating": 2,
    "slot": "offhand",
    "stats": {
      "defense": 5,
    },
  },
  {
    "description": "Brineflow — a superior barnacle coral ward.",
    "id": "gen_offhand_20a341",
    "name": "Brineflow",
    "rarity": "legendary",
    "skullRating": 2,
    "slot": "offhand",
    "stats": {
      "defense": 5,
    },
  },
  {
    "description": "A coral armor.",
    "id": "gen_armor_9ce301",
    "name": "Coral Coral plate",
    "rarity": "common",
    "skullRating": 2,
    "slot": "armor",
    "stats": {
      "defense": 5,
    },
  },
  {
    "description": "A coral armor.",
    "id": "gen_armor_b8829e",
    "name": "Fathomless Coral Coral plate",
    "rarity": "rare",
    "skullRating": 2,
    "slot": "armor",
    "stats": {
      "defense": 5,
    },
  },
  {
    "description": "Kelppull — a coral pearl vest.",
    "id": "gen_armor_feacb6",
    "name": "Kelppull",
    "rarity": "legendary",
    "skullRating": 2,
    "slot": "armor",
    "stats": {
      "defense": 5,
    },
  },
  {
    "description": "A superior barnacle armor.",
    "id": "gen_armor_775b05",
    "name": "Superior Barnacle Pearl vest",
    "rarity": "common",
    "skullRating": 2,
    "slot": "armor",
    "stats": {
      "defense": 5,
    },
  },
  {
    "description": "A superior barnacle armor.",
    "id": "gen_armor_3d6bbc",
    "name": "Drowned Barnacle Pearl vest",
    "rarity": "rare",
    "skullRating": 2,
    "slot": "armor",
    "stats": {
      "defense": 5,
    },
  },
  {
    "description": "Abysscurrent — a superior barnacle abyssal hauberk.",
    "id": "gen_armor_bad59e",
    "name": "Abysscurrent",
    "rarity": "legendary",
    "skullRating": 2,
    "slot": "armor",
    "stats": {
      "defense": 5,
    },
  },
  {
    "description": "A fine coral armor.",
    "id": "gen_armor_45f244",
    "name": "Fine Coral Abyssal hauberk",
    "rarity": "common",
    "skullRating": 2,
    "slot": "armor",
    "stats": {
      "defense": 5,
    },
  },
  {
    "description": "A fine coral armor.",
    "id": "gen_armor_9fef43",
    "name": "Salt-crusted Coral Abyssal hauberk",
    "rarity": "rare",
    "skullRating": 2,
    "slot": "armor",
    "stats": {
      "defense": 5,
    },
  },
  {
    "description": "Surgesink — a fine coral driftwood mantle.",
    "id": "gen_armor_78e9c4",
    "name": "Surgesink",
    "rarity": "legendary",
    "skullRating": 2,
    "slot": "armor",
    "stats": {
      "defense": 5,
    },
  },
  {
    "description": "A barnacle armor.",
    "id": "gen_armor_02e7e3",
    "name": "Barnacle Brine weave",
    "rarity": "common",
    "skullRating": 2,
    "slot": "armor",
    "stats": {
      "defense": 4,
    },
  },
  {
    "description": "A barnacle armor.",
    "id": "gen_armor_1afde2",
    "name": "Corroded Barnacle Brine weave",
    "rarity": "rare",
    "skullRating": 2,
    "slot": "armor",
    "stats": {
      "defense": 4,
    },
  },
  {
    "description": "Tidesurge — a barnacle pearl vest.",
    "id": "gen_armor_abc2d2",
    "name": "Tidesurge",
    "rarity": "legendary",
    "skullRating": 2,
    "slot": "armor",
    "stats": {
      "defense": 4,
    },
  },
  {
    "description": "A superior barnacle armor.",
    "id": "gen_armor_296abd",
    "name": "Superior Barnacle Barnacle mail",
    "rarity": "common",
    "skullRating": 2,
    "slot": "armor",
    "stats": {
      "defense": 5,
    },
  },
  {
    "description": "A superior barnacle armor.",
    "id": "gen_armor_cd817b",
    "name": "Sunken Barnacle Barnacle mail",
    "rarity": "rare",
    "skullRating": 2,
    "slot": "armor",
    "stats": {
      "defense": 5,
    },
  },
  {
    "description": "Brineflow — a superior barnacle pearl vest.",
    "id": "gen_armor_20a341",
    "name": "Brineflow",
    "rarity": "legendary",
    "skullRating": 2,
    "slot": "armor",
    "stats": {
      "defense": 5,
    },
  },
  {
    "description": "A coral accessory.",
    "id": "gen_accessory_b8829e",
    "name": "Coral Abyssal charm",
    "rarity": "common",
    "skullRating": 2,
    "slot": "accessory",
    "stats": {
      "initiative": 9,
    },
  },
  {
    "description": "A coral accessory.",
    "id": "gen_accessory_6d0107",
    "name": "Pitted Coral Abyssal charm",
    "rarity": "rare",
    "skullRating": 2,
    "slot": "accessory",
    "stats": {
      "initiative": 9,
    },
  },
  {
    "description": "Ebbswell — a coral driftwood brooch.",
    "id": "gen_accessory_748ca5",
    "name": "Ebbswell",
    "rarity": "legendary",
    "skullRating": 2,
    "slot": "accessory",
    "stats": {
      "initiative": 9,
    },
  },
  {
    "description": "A superior driftwood accessory.",
    "id": "gen_accessory_3d6bbc",
    "name": "Superior Driftwood Brine amulet",
    "rarity": "common",
    "skullRating": 2,
    "slot": "accessory",
    "stats": {
      "defense": 10,
    },
  },
  {
    "description": "A superior driftwood accessory.",
    "id": "gen_accessory_8da6be",
    "name": "Waterlogged Driftwood Brine amulet",
    "rarity": "rare",
    "skullRating": 2,
    "slot": "accessory",
    "stats": {
      "defense": 10,
    },
  },
  {
    "description": "Wavedrown — a superior driftwood tide band.",
    "id": "gen_accessory_420033",
    "name": "Wavedrown",
    "rarity": "legendary",
    "skullRating": 2,
    "slot": "accessory",
    "stats": {
      "defense": 10,
    },
  },
  {
    "description": "A fine pearl accessory.",
    "id": "gen_accessory_9fef43",
    "name": "Fine Pearl Shell pendant",
    "rarity": "common",
    "skullRating": 2,
    "slot": "accessory",
    "stats": {
      "defense": 8,
    },
  },
  {
    "description": "A fine pearl accessory.",
    "id": "gen_accessory_dd8fbe",
    "name": "Fathomless Pearl Shell pendant",
    "rarity": "rare",
    "skullRating": 2,
    "slot": "accessory",
    "stats": {
      "defense": 8,
    },
  },
  {
    "description": "Kelpflow — a fine pearl brine amulet.",
    "id": "gen_accessory_3ffb00",
    "name": "Kelpflow",
    "rarity": "legendary",
    "skullRating": 2,
    "slot": "accessory",
    "stats": {
      "defense": 8,
    },
  },
  {
    "description": "A driftwood accessory.",
    "id": "gen_accessory_1afde2",
    "name": "Driftwood Pearl earring",
    "rarity": "common",
    "skullRating": 2,
    "slot": "accessory",
    "stats": {
      "defense": 7,
    },
  },
  {
    "description": "A driftwood accessory.",
    "id": "gen_accessory_65862a",
    "name": "Briny Driftwood Pearl earring",
    "rarity": "rare",
    "skullRating": 2,
    "slot": "accessory",
    "stats": {
      "defense": 7,
    },
  },
  {
    "description": "Depthlash — a driftwood abyssal charm.",
    "id": "gen_accessory_5dbec1",
    "name": "Depthlash",
    "rarity": "legendary",
    "skullRating": 2,
    "slot": "accessory",
    "stats": {
      "defense": 7,
    },
  },
  {
    "description": "A superior driftwood accessory.",
    "id": "gen_accessory_cd817b",
    "name": "Superior Driftwood Shell pendant",
    "rarity": "common",
    "skullRating": 2,
    "slot": "accessory",
    "stats": {
      "initiative": 7,
    },
  },
  {
    "description": "A superior driftwood accessory.",
    "id": "gen_accessory_662041",
    "name": "Seized Driftwood Shell pendant",
    "rarity": "rare",
    "skullRating": 2,
    "slot": "accessory",
    "stats": {
      "initiative": 7,
    },
  },
  {
    "description": "Driftlash — a superior driftwood pearl earring.",
    "id": "gen_accessory_8b57a6",
    "name": "Driftlash",
    "rarity": "legendary",
    "skullRating": 2,
    "slot": "accessory",
    "stats": {
      "initiative": 7,
    },
  },
  {
    "description": "A skull weapon.",
    "id": "gen_weapon_9ce301",
    "name": "Skull Rib blade",
    "rarity": "common",
    "skullRating": 2,
    "slot": "weapon",
    "stats": {
      "damage": 10,
    },
  },
  {
    "description": "A skull weapon.",
    "id": "gen_weapon_b8829e",
    "name": "Grim Skull Rib blade",
    "rarity": "rare",
    "skullRating": 2,
    "slot": "weapon",
    "stats": {
      "damage": 10,
    },
  },
  {
    "description": "Dreadhollow — a skull skull maul.",
    "id": "gen_weapon_feacb6",
    "name": "Dreadhollow",
    "rarity": "legendary",
    "skullRating": 2,
    "slot": "weapon",
    "stats": {
      "damage": 10,
    },
  },
  {
    "description": "A superior marrow weapon.",
    "id": "gen_weapon_775b05",
    "name": "Superior Marrow Skull maul",
    "rarity": "common",
    "skullRating": 2,
    "slot": "weapon",
    "stats": {
      "damage": 8,
    },
  },
  {
    "description": "A superior marrow weapon.",
    "id": "gen_weapon_3d6bbc",
    "name": "Dry Marrow Skull maul",
    "rarity": "rare",
    "skullRating": 2,
    "slot": "weapon",
    "stats": {
      "damage": 8,
    },
  },
  {
    "description": "Ossuarygnaw — a superior marrow marrow spear.",
    "id": "gen_weapon_bad59e",
    "name": "Ossuarygnaw",
    "rarity": "legendary",
    "skullRating": 2,
    "slot": "weapon",
    "stats": {
      "damage": 8,
    },
  },
  {
    "description": "A fine skull weapon.",
    "id": "gen_weapon_45f244",
    "name": "Fine Skull Marrow spear",
    "rarity": "common",
    "skullRating": 2,
    "slot": "weapon",
    "stats": {
      "damage": 9,
    },
  },
  {
    "description": "A fine skull weapon.",
    "id": "gen_weapon_9fef43",
    "name": "Cracked Skull Marrow spear",
    "rarity": "rare",
    "skullRating": 2,
    "slot": "weapon",
    "stats": {
      "damage": 9,
    },
  },
  {
    "description": "Cryptcleave — a fine skull ossified axe.",
    "id": "gen_weapon_78e9c4",
    "name": "Cryptcleave",
    "rarity": "legendary",
    "skullRating": 2,
    "slot": "weapon",
    "stats": {
      "damage": 9,
    },
  },
  {
    "description": "A femur weapon.",
    "id": "gen_weapon_02e7e3",
    "name": "Femur Ossified axe",
    "rarity": "common",
    "skullRating": 2,
    "slot": "weapon",
    "stats": {
      "damage": 7,
    },
  },
  {
    "description": "A femur weapon.",
    "id": "gen_weapon_1afde2",
    "name": "Bleached Femur Ossified axe",
    "rarity": "rare",
    "skullRating": 2,
    "slot": "weapon",
    "stats": {
      "damage": 7,
    },
  },
  {
    "description": "Bonecrack — a femur skull maul.",
    "id": "gen_weapon_abc2d2",
    "name": "Bonecrack",
    "rarity": "legendary",
    "skullRating": 2,
    "slot": "weapon",
    "stats": {
      "damage": 7,
    },
  },
  {
    "description": "A superior femur weapon.",
    "id": "gen_weapon_296abd",
    "name": "Superior Femur Bone club",
    "rarity": "common",
    "skullRating": 2,
    "slot": "weapon",
    "stats": {
      "damage": 10,
    },
  },
  {
    "description": "A superior femur weapon.",
    "id": "gen_weapon_cd817b",
    "name": "Splintered Femur Bone club",
    "rarity": "rare",
    "skullRating": 2,
    "slot": "weapon",
    "stats": {
      "damage": 10,
    },
  },
  {
    "description": "Gravewhiten — a superior femur skull maul.",
    "id": "gen_weapon_20a341",
    "name": "Gravewhiten",
    "rarity": "legendary",
    "skullRating": 2,
    "slot": "weapon",
    "stats": {
      "damage": 10,
    },
  },
  {
    "description": "A skull offhand.",
    "id": "gen_offhand_9ce301",
    "name": "Skull Rib buckler",
    "rarity": "common",
    "skullRating": 2,
    "slot": "offhand",
    "stats": {
      "defense": 5,
    },
  },
  {
    "description": "A skull offhand.",
    "id": "gen_offhand_b8829e",
    "name": "Grim Skull Rib buckler",
    "rarity": "rare",
    "skullRating": 2,
    "slot": "offhand",
    "stats": {
      "defense": 5,
    },
  },
  {
    "description": "Dreadhollow — a skull bone ward.",
    "id": "gen_offhand_feacb6",
    "name": "Dreadhollow",
    "rarity": "legendary",
    "skullRating": 2,
    "slot": "offhand",
    "stats": {
      "defense": 5,
    },
  },
  {
    "description": "A superior femur offhand.",
    "id": "gen_offhand_775b05",
    "name": "Superior Femur Bone ward",
    "rarity": "common",
    "skullRating": 2,
    "slot": "offhand",
    "stats": {
      "defense": 4,
    },
  },
  {
    "description": "A superior femur offhand.",
    "id": "gen_offhand_3d6bbc",
    "name": "Dry Femur Bone ward",
    "rarity": "rare",
    "skullRating": 2,
    "slot": "offhand",
    "stats": {
      "defense": 4,
    },
  },
  {
    "description": "Ossuarygnaw — a superior femur femur round shield.",
    "id": "gen_offhand_bad59e",
    "name": "Ossuarygnaw",
    "rarity": "legendary",
    "skullRating": 2,
    "slot": "offhand",
    "stats": {
      "defense": 4,
    },
  },
  {
    "description": "A fine skull offhand.",
    "id": "gen_offhand_45f244",
    "name": "Fine Skull Femur round shield",
    "rarity": "common",
    "skullRating": 2,
    "slot": "offhand",
    "stats": {
      "defense": 4,
    },
  },
  {
    "description": "A fine skull offhand.",
    "id": "gen_offhand_9fef43",
    "name": "Cracked Skull Femur round shield",
    "rarity": "rare",
    "skullRating": 2,
    "slot": "offhand",
    "stats": {
      "defense": 4,
    },
  },
  {
    "description": "Cryptcleave — a fine skull marrow tome.",
    "id": "gen_offhand_78e9c4",
    "name": "Cryptcleave",
    "rarity": "legendary",
    "skullRating": 2,
    "slot": "offhand",
    "stats": {
      "defense": 4,
    },
  },
  {
    "description": "A femur offhand.",
    "id": "gen_offhand_02e7e3",
    "name": "Femur Ossified orb",
    "rarity": "common",
    "skullRating": 2,
    "slot": "offhand",
    "stats": {
      "defense": 3,
    },
  },
  {
    "description": "A femur offhand.",
    "id": "gen_offhand_1afde2",
    "name": "Bleached Femur Ossified orb",
    "rarity": "rare",
    "skullRating": 2,
    "slot": "offhand",
    "stats": {
      "defense": 3,
    },
  },
  {
    "description": "Bonecrack — a femur bone ward.",
    "id": "gen_offhand_abc2d2",
    "name": "Bonecrack",
    "rarity": "legendary",
    "skullRating": 2,
    "slot": "offhand",
    "stats": {
      "defense": 3,
    },
  },
  {
    "description": "A superior femur offhand.",
    "id": "gen_offhand_296abd",
    "name": "Superior Femur Skull cap shield",
    "rarity": "common",
    "skullRating": 2,
    "slot": "offhand",
    "stats": {
      "defense": 4,
    },
  },
  {
    "description": "A superior femur offhand.",
    "id": "gen_offhand_cd817b",
    "name": "Splintered Femur Skull cap shield",
    "rarity": "rare",
    "skullRating": 2,
    "slot": "offhand",
    "stats": {
      "defense": 4,
    },
  },
  {
    "description": "Gravewhiten — a superior femur bone ward.",
    "id": "gen_offhand_20a341",
    "name": "Gravewhiten",
    "rarity": "legendary",
    "skullRating": 2,
    "slot": "offhand",
    "stats": {
      "defense": 4,
    },
  },
  {
    "description": "A rib armor.",
    "id": "gen_armor_9ce301",
    "name": "Rib Rib cage mail",
    "rarity": "common",
    "skullRating": 2,
    "slot": "armor",
    "stats": {
      "defense": 5,
    },
  },
  {
    "description": "A rib armor.",
    "id": "gen_armor_b8829e",
    "name": "Grim Rib Rib cage mail",
    "rarity": "rare",
    "skullRating": 2,
    "slot": "armor",
    "stats": {
      "defense": 5,
    },
  },
  {
    "description": "Dreadhollow — a rib skull plate.",
    "id": "gen_armor_feacb6",
    "name": "Dreadhollow",
    "rarity": "legendary",
    "skullRating": 2,
    "slot": "armor",
    "stats": {
      "defense": 5,
    },
  },
  {
    "description": "A superior marrow armor.",
    "id": "gen_armor_775b05",
    "name": "Superior Marrow Skull plate",
    "rarity": "common",
    "skullRating": 2,
    "slot": "armor",
    "stats": {
      "defense": 5,
    },
  },
  {
    "description": "A superior marrow armor.",
    "id": "gen_armor_3d6bbc",
    "name": "Dry Marrow Skull plate",
    "rarity": "rare",
    "skullRating": 2,
    "slot": "armor",
    "stats": {
      "defense": 5,
    },
  },
  {
    "description": "Ossuarygnaw — a superior marrow marrow vest.",
    "id": "gen_armor_bad59e",
    "name": "Ossuarygnaw",
    "rarity": "legendary",
    "skullRating": 2,
    "slot": "armor",
    "stats": {
      "defense": 5,
    },
  },
  {
    "description": "A fine rib armor.",
    "id": "gen_armor_45f244",
    "name": "Fine Rib Marrow vest",
    "rarity": "common",
    "skullRating": 2,
    "slot": "armor",
    "stats": {
      "defense": 5,
    },
  },
  {
    "description": "A fine rib armor.",
    "id": "gen_armor_9fef43",
    "name": "Cracked Rib Marrow vest",
    "rarity": "rare",
    "skullRating": 2,
    "slot": "armor",
    "stats": {
      "defense": 5,
    },
  },
  {
    "description": "Cryptcleave — a fine rib deathbone cuirass.",
    "id": "gen_armor_78e9c4",
    "name": "Cryptcleave",
    "rarity": "legendary",
    "skullRating": 2,
    "slot": "armor",
    "stats": {
      "defense": 5,
    },
  },
  {
    "description": "A marrow armor.",
    "id": "gen_armor_02e7e3",
    "name": "Marrow Vertebrae mantle",
    "rarity": "common",
    "skullRating": 2,
    "slot": "armor",
    "stats": {
      "defense": 4,
    },
  },
  {
    "description": "A marrow armor.",
    "id": "gen_armor_1afde2",
    "name": "Bleached Marrow Vertebrae mantle",
    "rarity": "rare",
    "skullRating": 2,
    "slot": "armor",
    "stats": {
      "defense": 4,
    },
  },
  {
    "description": "Bonecrack — a marrow skull plate.",
    "id": "gen_armor_abc2d2",
    "name": "Bonecrack",
    "rarity": "legendary",
    "skullRating": 2,
    "slot": "armor",
    "stats": {
      "defense": 4,
    },
  },
  {
    "description": "A superior marrow armor.",
    "id": "gen_armor_296abd",
    "name": "Superior Marrow Bone weave",
    "rarity": "common",
    "skullRating": 2,
    "slot": "armor",
    "stats": {
      "defense": 5,
    },
  },
  {
    "description": "A superior marrow armor.",
    "id": "gen_armor_cd817b",
    "name": "Splintered Marrow Bone weave",
    "rarity": "rare",
    "skullRating": 2,
    "slot": "armor",
    "stats": {
      "defense": 5,
    },
  },
  {
    "description": "Gravewhiten — a superior marrow skull plate.",
    "id": "gen_armor_20a341",
    "name": "Gravewhiten",
    "rarity": "legendary",
    "skullRating": 2,
    "slot": "armor",
    "stats": {
      "defense": 5,
    },
  },
  {
    "description": "A skull accessory.",
    "id": "gen_accessory_b8829e",
    "name": "Skull Marrow charm",
    "rarity": "common",
    "skullRating": 2,
    "slot": "accessory",
    "stats": {
      "initiative": 9,
    },
  },
  {
    "description": "A skull accessory.",
    "id": "gen_accessory_6d0107",
    "name": "Fleshless Skull Marrow charm",
    "rarity": "rare",
    "skullRating": 2,
    "slot": "accessory",
    "stats": {
      "initiative": 9,
    },
  },
  {
    "description": "Palesplinter — a skull rib brooch.",
    "id": "gen_accessory_748ca5",
    "name": "Palesplinter",
    "rarity": "legendary",
    "skullRating": 2,
    "slot": "accessory",
    "stats": {
      "initiative": 9,
    },
  },
  {
    "description": "A superior marrow accessory.",
    "id": "gen_accessory_3d6bbc",
    "name": "Superior Marrow Bone pendant",
    "rarity": "common",
    "skullRating": 2,
    "slot": "accessory",
    "stats": {
      "defense": 10,
    },
  },
  {
    "description": "A superior marrow accessory.",
    "id": "gen_accessory_8da6be",
    "name": "Hollow Marrow Bone pendant",
    "rarity": "rare",
    "skullRating": 2,
    "slot": "accessory",
    "stats": {
      "defense": 10,
    },
  },
  {
    "description": "Skullbreak — a superior marrow ossified circlet.",
    "id": "gen_accessory_420033",
    "name": "Skullbreak",
    "rarity": "legendary",
    "skullRating": 2,
    "slot": "accessory",
    "stats": {
      "defense": 10,
    },
  },
  {
    "description": "A fine skull accessory.",
    "id": "gen_accessory_9fef43",
    "name": "Fine Skull Vertebrae necklace",
    "rarity": "common",
    "skullRating": 2,
    "slot": "accessory",
    "stats": {
      "defense": 8,
    },
  },
  {
    "description": "A fine skull accessory.",
    "id": "gen_accessory_dd8fbe",
    "name": "Grim Skull Vertebrae necklace",
    "rarity": "rare",
    "skullRating": 2,
    "slot": "accessory",
    "stats": {
      "defense": 8,
    },
  },
  {
    "description": "Dreadwhiten — a fine skull bone pendant.",
    "id": "gen_accessory_3ffb00",
    "name": "Dreadwhiten",
    "rarity": "legendary",
    "skullRating": 2,
    "slot": "accessory",
    "stats": {
      "defense": 8,
    },
  },
  {
    "description": "A marrow accessory.",
    "id": "gen_accessory_1afde2",
    "name": "Marrow Finger bone ring",
    "rarity": "common",
    "skullRating": 2,
    "slot": "accessory",
    "stats": {
      "defense": 7,
    },
  },
  {
    "description": "A marrow accessory.",
    "id": "gen_accessory_65862a",
    "name": "Rattling Marrow Finger bone ring",
    "rarity": "rare",
    "skullRating": 2,
    "slot": "accessory",
    "stats": {
      "defense": 7,
    },
  },
  {
    "description": "Deathcrunch — a marrow marrow charm.",
    "id": "gen_accessory_5dbec1",
    "name": "Deathcrunch",
    "rarity": "legendary",
    "skullRating": 2,
    "slot": "accessory",
    "stats": {
      "defense": 7,
    },
  },
  {
    "description": "A superior marrow accessory.",
    "id": "gen_accessory_cd817b",
    "name": "Superior Marrow Vertebrae necklace",
    "rarity": "common",
    "skullRating": 2,
    "slot": "accessory",
    "stats": {
      "initiative": 7,
    },
  },
  {
    "description": "A superior marrow accessory.",
    "id": "gen_accessory_662041",
    "name": "Reliquary Marrow Vertebrae necklace",
    "rarity": "rare",
    "skullRating": 2,
    "slot": "accessory",
    "stats": {
      "initiative": 7,
    },
  },
  {
    "description": "Tombcrunch — a superior marrow finger bone ring.",
    "id": "gen_accessory_8b57a6",
    "name": "Tombcrunch",
    "rarity": "legendary",
    "skullRating": 2,
    "slot": "accessory",
    "stats": {
      "initiative": 7,
    },
  },
  {
    "description": "A obsidian weapon.",
    "id": "gen_weapon_9ce301",
    "name": "Obsidian Slag hammer",
    "rarity": "common",
    "skullRating": 2,
    "slot": "weapon",
    "stats": {
      "damage": 10,
    },
  },
  {
    "description": "A obsidian weapon.",
    "id": "gen_weapon_b8829e",
    "name": "Forge-tempered Obsidian Slag hammer",
    "rarity": "rare",
    "skullRating": 2,
    "slot": "weapon",
    "stats": {
      "damage": 10,
    },
  },
  {
    "description": "Charcombust — a obsidian ember blade.",
    "id": "gen_weapon_feacb6",
    "name": "Charcombust",
    "rarity": "legendary",
    "skullRating": 2,
    "slot": "weapon",
    "stats": {
      "damage": 10,
    },
  },
  {
    "description": "A superior slag weapon.",
    "id": "gen_weapon_775b05",
    "name": "Superior Slag Ember blade",
    "rarity": "common",
    "skullRating": 2,
    "slot": "weapon",
    "stats": {
      "damage": 9,
    },
  },
  {
    "description": "A superior slag weapon.",
    "id": "gen_weapon_3d6bbc",
    "name": "Ashen Slag Ember blade",
    "rarity": "rare",
    "skullRating": 2,
    "slot": "weapon",
    "stats": {
      "damage": 9,
    },
  },
  {
    "description": "Magmasear — a superior slag obsidian dagger.",
    "id": "gen_weapon_bad59e",
    "name": "Magmasear",
    "rarity": "legendary",
    "skullRating": 2,
    "slot": "weapon",
    "stats": {
      "damage": 9,
    },
  },
  {
    "description": "A fine obsidian weapon.",
    "id": "gen_weapon_45f244",
    "name": "Fine Obsidian Obsidian dagger",
    "rarity": "common",
    "skullRating": 2,
    "slot": "weapon",
    "stats": {
      "damage": 9,
    },
  },
  {
    "description": "A fine obsidian weapon.",
    "id": "gen_weapon_9fef43",
    "name": "Blazing Obsidian Obsidian dagger",
    "rarity": "rare",
    "skullRating": 2,
    "slot": "weapon",
    "stats": {
      "damage": 9,
    },
  },
  {
    "description": "Slagerupt — a fine obsidian inferno maul.",
    "id": "gen_weapon_78e9c4",
    "name": "Slagerupt",
    "rarity": "legendary",
    "skullRating": 2,
    "slot": "weapon",
    "stats": {
      "damage": 9,
    },
  },
  {
    "description": "A ember weapon.",
    "id": "gen_weapon_02e7e3",
    "name": "Ember Inferno maul",
    "rarity": "common",
    "skullRating": 2,
    "slot": "weapon",
    "stats": {
      "damage": 7,
    },
  },
  {
    "description": "A ember weapon.",
    "id": "gen_weapon_1afde2",
    "name": "Smouldering Ember Inferno maul",
    "rarity": "rare",
    "skullRating": 2,
    "slot": "weapon",
    "stats": {
      "damage": 7,
    },
  },
  {
    "description": "Flameburn — a ember ember blade.",
    "id": "gen_weapon_abc2d2",
    "name": "Flameburn",
    "rarity": "legendary",
    "skullRating": 2,
    "slot": "weapon",
    "stats": {
      "damage": 7,
    },
  },
  {
    "description": "A superior ember weapon.",
    "id": "gen_weapon_296abd",
    "name": "Superior Ember Cleaver",
    "rarity": "common",
    "skullRating": 2,
    "slot": "weapon",
    "stats": {
      "damage": 10,
    },
  },
  {
    "description": "A superior ember weapon.",
    "id": "gen_weapon_cd817b",
    "name": "Scorched Ember Cleaver",
    "rarity": "rare",
    "skullRating": 2,
    "slot": "weapon",
    "stats": {
      "damage": 10,
    },
  },
  {
    "description": "Forgefuse — a superior ember ember blade.",
    "id": "gen_weapon_20a341",
    "name": "Forgefuse",
    "rarity": "legendary",
    "skullRating": 2,
    "slot": "weapon",
    "stats": {
      "damage": 10,
    },
  },
  {
    "description": "A obsidian offhand.",
    "id": "gen_offhand_9ce301",
    "name": "Obsidian Magma ward",
    "rarity": "common",
    "skullRating": 2,
    "slot": "offhand",
    "stats": {
      "defense": 5,
    },
  },
  {
    "description": "A obsidian offhand.",
    "id": "gen_offhand_b8829e",
    "name": "Forge-tempered Obsidian Magma ward",
    "rarity": "rare",
    "skullRating": 2,
    "slot": "offhand",
    "stats": {
      "defense": 5,
    },
  },
  {
    "description": "Charcombust — a obsidian obsidian shield.",
    "id": "gen_offhand_feacb6",
    "name": "Charcombust",
    "rarity": "legendary",
    "skullRating": 2,
    "slot": "offhand",
    "stats": {
      "defense": 5,
    },
  },
  {
    "description": "A superior slag offhand.",
    "id": "gen_offhand_775b05",
    "name": "Superior Slag Obsidian shield",
    "rarity": "common",
    "skullRating": 2,
    "slot": "offhand",
    "stats": {
      "defense": 5,
    },
  },
  {
    "description": "A superior slag offhand.",
    "id": "gen_offhand_3d6bbc",
    "name": "Ashen Slag Obsidian shield",
    "rarity": "rare",
    "skullRating": 2,
    "slot": "offhand",
    "stats": {
      "defense": 5,
    },
  },
  {
    "description": "Magmasear — a superior slag slag round shield.",
    "id": "gen_offhand_bad59e",
    "name": "Magmasear",
    "rarity": "legendary",
    "skullRating": 2,
    "slot": "offhand",
    "stats": {
      "defense": 5,
    },
  },
  {
    "description": "A fine magma offhand.",
    "id": "gen_offhand_45f244",
    "name": "Fine Magma Slag round shield",
    "rarity": "common",
    "skullRating": 2,
    "slot": "offhand",
    "stats": {
      "defense": 4,
    },
  },
  {
    "description": "A fine magma offhand.",
    "id": "gen_offhand_9fef43",
    "name": "Blazing Magma Slag round shield",
    "rarity": "rare",
    "skullRating": 2,
    "slot": "offhand",
    "stats": {
      "defense": 4,
    },
  },
  {
    "description": "Slagerupt — a fine magma forge-heart focus.",
    "id": "gen_offhand_78e9c4",
    "name": "Slagerupt",
    "rarity": "legendary",
    "skullRating": 2,
    "slot": "offhand",
    "stats": {
      "defense": 4,
    },
  },
  {
    "description": "A slag offhand.",
    "id": "gen_offhand_02e7e3",
    "name": "Slag Ember orb",
    "rarity": "common",
    "skullRating": 2,
    "slot": "offhand",
    "stats": {
      "defense": 3,
    },
  },
  {
    "description": "A slag offhand.",
    "id": "gen_offhand_1afde2",
    "name": "Smouldering Slag Ember orb",
    "rarity": "rare",
    "skullRating": 2,
    "slot": "offhand",
    "stats": {
      "defense": 3,
    },
  },
  {
    "description": "Flameburn — a slag obsidian shield.",
    "id": "gen_offhand_abc2d2",
    "name": "Flameburn",
    "rarity": "legendary",
    "skullRating": 2,
    "slot": "offhand",
    "stats": {
      "defense": 3,
    },
  },
  {
    "description": "A superior slag offhand.",
    "id": "gen_offhand_296abd",
    "name": "Superior Slag Cinder buckler",
    "rarity": "common",
    "skullRating": 2,
    "slot": "offhand",
    "stats": {
      "defense": 5,
    },
  },
  {
    "description": "A superior slag offhand.",
    "id": "gen_offhand_cd817b",
    "name": "Scorched Slag Cinder buckler",
    "rarity": "rare",
    "skullRating": 2,
    "slot": "offhand",
    "stats": {
      "defense": 5,
    },
  },
  {
    "description": "Forgefuse — a superior slag obsidian shield.",
    "id": "gen_offhand_20a341",
    "name": "Forgefuse",
    "rarity": "legendary",
    "skullRating": 2,
    "slot": "offhand",
    "stats": {
      "defense": 5,
    },
  },
  {
    "description": "A magma armor.",
    "id": "gen_armor_9ce301",
    "name": "Magma Volcanic plate",
    "rarity": "common",
    "skullRating": 2,
    "slot": "armor",
    "stats": {
      "defense": 5,
    },
  },
  {
    "description": "A magma armor.",
    "id": "gen_armor_b8829e",
    "name": "Forge-tempered Magma Volcanic plate",
    "rarity": "rare",
    "skullRating": 2,
    "slot": "armor",
    "stats": {
      "defense": 5,
    },
  },
  {
    "description": "Charcombust — a magma slag vest.",
    "id": "gen_armor_feacb6",
    "name": "Charcombust",
    "rarity": "legendary",
    "skullRating": 2,
    "slot": "armor",
    "stats": {
      "defense": 5,
    },
  },
  {
    "description": "A superior slag armor.",
    "id": "gen_armor_775b05",
    "name": "Superior Slag Slag vest",
    "rarity": "common",
    "skullRating": 2,
    "slot": "armor",
    "stats": {
      "defense": 5,
    },
  },
  {
    "description": "A superior slag armor.",
    "id": "gen_armor_3d6bbc",
    "name": "Ashen Slag Slag vest",
    "rarity": "rare",
    "skullRating": 2,
    "slot": "armor",
    "stats": {
      "defense": 5,
    },
  },
  {
    "description": "Magmasear — a superior slag magma hauberk.",
    "id": "gen_armor_bad59e",
    "name": "Magmasear",
    "rarity": "legendary",
    "skullRating": 2,
    "slot": "armor",
    "stats": {
      "defense": 5,
    },
  },
  {
    "description": "A fine magma armor.",
    "id": "gen_armor_45f244",
    "name": "Fine Magma Magma hauberk",
    "rarity": "common",
    "skullRating": 2,
    "slot": "armor",
    "stats": {
      "defense": 5,
    },
  },
  {
    "description": "A fine magma armor.",
    "id": "gen_armor_9fef43",
    "name": "Blazing Magma Magma hauberk",
    "rarity": "rare",
    "skullRating": 2,
    "slot": "armor",
    "stats": {
      "defense": 5,
    },
  },
  {
    "description": "Slagerupt — a fine magma ember brigandine.",
    "id": "gen_armor_78e9c4",
    "name": "Slagerupt",
    "rarity": "legendary",
    "skullRating": 2,
    "slot": "armor",
    "stats": {
      "defense": 5,
    },
  },
  {
    "description": "A slag armor.",
    "id": "gen_armor_02e7e3",
    "name": "Slag Obsidian mantle",
    "rarity": "common",
    "skullRating": 2,
    "slot": "armor",
    "stats": {
      "defense": 4,
    },
  },
  {
    "description": "A slag armor.",
    "id": "gen_armor_1afde2",
    "name": "Smouldering Slag Obsidian mantle",
    "rarity": "rare",
    "skullRating": 2,
    "slot": "armor",
    "stats": {
      "defense": 4,
    },
  },
  {
    "description": "Flameburn — a slag slag vest.",
    "id": "gen_armor_abc2d2",
    "name": "Flameburn",
    "rarity": "legendary",
    "skullRating": 2,
    "slot": "armor",
    "stats": {
      "defense": 4,
    },
  },
  {
    "description": "A superior slag armor.",
    "id": "gen_armor_296abd",
    "name": "Superior Slag Cinder mail",
    "rarity": "common",
    "skullRating": 2,
    "slot": "armor",
    "stats": {
      "defense": 5,
    },
  },
  {
    "description": "A superior slag armor.",
    "id": "gen_armor_cd817b",
    "name": "Scorched Slag Cinder mail",
    "rarity": "rare",
    "skullRating": 2,
    "slot": "armor",
    "stats": {
      "defense": 5,
    },
  },
  {
    "description": "Forgefuse — a superior slag slag vest.",
    "id": "gen_armor_20a341",
    "name": "Forgefuse",
    "rarity": "legendary",
    "skullRating": 2,
    "slot": "armor",
    "stats": {
      "defense": 5,
    },
  },
  {
    "description": "A obsidian accessory.",
    "id": "gen_accessory_b8829e",
    "name": "Obsidian Obsidian charm",
    "rarity": "common",
    "skullRating": 2,
    "slot": "accessory",
    "stats": {
      "initiative": 10,
    },
  },
  {
    "description": "A obsidian accessory.",
    "id": "gen_accessory_6d0107",
    "name": "Pyroclastic Obsidian Obsidian charm",
    "rarity": "rare",
    "skullRating": 2,
    "slot": "accessory",
    "stats": {
      "initiative": 10,
    },
  },
  {
    "description": "Scorchignite — a obsidian forge-heart brooch.",
    "id": "gen_accessory_748ca5",
    "name": "Scorchignite",
    "rarity": "legendary",
    "skullRating": 2,
    "slot": "accessory",
    "stats": {
      "initiative": 10,
    },
  },
  {
    "description": "A superior ember accessory.",
    "id": "gen_accessory_3d6bbc",
    "name": "Superior Ember Cinder pendant",
    "rarity": "common",
    "skullRating": 2,
    "slot": "accessory",
    "stats": {
      "defense": 10,
    },
  },
  {
    "description": "A superior ember accessory.",
    "id": "gen_accessory_8da6be",
    "name": "Searing Ember Cinder pendant",
    "rarity": "rare",
    "skullRating": 2,
    "slot": "accessory",
    "stats": {
      "defense": 10,
    },
  },
  {
    "description": "Emberchar — a superior ember inferno circlet.",
    "id": "gen_accessory_420033",
    "name": "Emberchar",
    "rarity": "legendary",
    "skullRating": 2,
    "slot": "accessory",
    "stats": {
      "defense": 10,
    },
  },
  {
    "description": "A fine obsidian accessory.",
    "id": "gen_accessory_9fef43",
    "name": "Fine Obsidian Magma ring",
    "rarity": "common",
    "skullRating": 2,
    "slot": "accessory",
    "stats": {
      "defense": 8,
    },
  },
  {
    "description": "A fine obsidian accessory.",
    "id": "gen_accessory_dd8fbe",
    "name": "Forge-tempered Obsidian Magma ring",
    "rarity": "rare",
    "skullRating": 2,
    "slot": "accessory",
    "stats": {
      "defense": 8,
    },
  },
  {
    "description": "Charfuse — a fine obsidian cinder pendant.",
    "id": "gen_accessory_3ffb00",
    "name": "Charfuse",
    "rarity": "legendary",
    "skullRating": 2,
    "slot": "accessory",
    "stats": {
      "defense": 8,
    },
  },
  {
    "description": "A ember accessory.",
    "id": "gen_accessory_1afde2",
    "name": "Ember Ember band",
    "rarity": "common",
    "skullRating": 2,
    "slot": "accessory",
    "stats": {
      "defense": 7,
    },
  },
  {
    "description": "A ember accessory.",
    "id": "gen_accessory_65862a",
    "name": "Molten Ember Ember band",
    "rarity": "rare",
    "skullRating": 2,
    "slot": "accessory",
    "stats": {
      "defense": 7,
    },
  },
  {
    "description": "Ashforge — a ember obsidian charm.",
    "id": "gen_accessory_5dbec1",
    "name": "Ashforge",
    "rarity": "legendary",
    "skullRating": 2,
    "slot": "accessory",
    "stats": {
      "defense": 7,
    },
  },
  {
    "description": "A superior ember accessory.",
    "id": "gen_accessory_cd817b",
    "name": "Superior Ember Magma ring",
    "rarity": "common",
    "skullRating": 2,
    "slot": "accessory",
    "stats": {
      "initiative": 7,
    },
  },
  {
    "description": "A superior ember accessory.",
    "id": "gen_accessory_662041",
    "name": "Charred Ember Magma ring",
    "rarity": "rare",
    "skullRating": 2,
    "slot": "accessory",
    "stats": {
      "initiative": 7,
    },
  },
  {
    "description": "Lavaforge — a superior ember ember band.",
    "id": "gen_accessory_8b57a6",
    "name": "Lavaforge",
    "rarity": "legendary",
    "skullRating": 2,
    "slot": "accessory",
    "stats": {
      "initiative": 7,
    },
  },
]
`;
